---
source: tests/common/visual_testing.rs
expression: "&screen_text"
---
 File   Edit   View   Selection   Go   Help                                     
<lo.html   hello.css   hello.c   hello.cpp   hello.go   hello.json   hello.java 
    1 │ public class Hello {                                                   █
    2 │     public static void main(String[] args) {                           █
    3 │         System.out.println("Hello, World!");                           █
    4 │     }                                                                  █
    5 │ }                                                                      █
                                                                               █
                                                                               █
                                                                               █
                                                                               █
                                                                               █
                                                                               █
                                                                               █
                                                                               █
                                                                               █
                                                                               █
                                                                               █
                                                                               █
                                                                               █
                                                                               █
                                                                               █
                                                                               █
                                                                               █
                                                                               █
                                                                               █
                                                                               █
                                                                               █
hello.java | Ln 0, Col 0 | Opened hello.java                    Palette: Ctrl+P
