---
source: tests/common/visual_testing.rs
expression: "&screen_text"
---
 File   Edit   View   Selection   Go   Help                                     
 fresh-test-BIG.txt*                                                            
     26 │ @00002000: xxxxxxxxxxxxxxxxxxxxxxxxxxxxxxxxxxxxxxxxxxxxxxxxxxxxxxxxx █
          xxxxxxxxxxx                                                          │
     28 │ @00002080: xxxxxxxxxxxxxxxxxxxxxxxxxxxxxxxxxxxxxxxxxxxxxxxxxxxxxxxxx │
          xxxxxxxxxxx                                                          │
     30 │ @00002160: xxxxxxxxxxxxxxxxxxxxxxxxxxxxxxxxxxxxxxxxxxxxxxxxxxxxxxxxx │
          xxxxxxxxxxx                                                          │
     32 │ @00002240: xxxxxxxxxxxxxxxxxxxxxxxxxxxxxxxxxxxxxxxxxxxxxxxxxxxxxxxxx │
          xxxxxxxxxxx                                                          │
     34 │ @00002320: xxxxxxxxxxxxxxxxxxxxxxxxxxxxxxxxxxxxxxxxxxxxxxxxxxxxxxxxx │
          xxxxxxxxxxx                                                          │
     36 │ @0000WORLD2400: xxxxxxxxxxxxxxxxxxxxxxxxxxxxxxxxxxxxxxxxxxxxxxxxxxxx │
          xxxxxxxxxxxxxxxx                                                     │
     38 │ @00002480: xxxxxxxxxxxxxxxxxxxxxxxxxxxxxxxxxxxxxxxxxxxxxxxxxxxxxxxxx │
          xxxxxxxxxxx                                                          │
     40 │ @00002560: xxxxxxxxxxxxxxxxxxxxxxxxxxxxxxxxxxxxxxxxxxxxxxxxxxxxxxxxx │
          xxxxxxxxxxx                                                          │
     42 │ @00002640: xxxxxxxxxxxxxxxxxxxxxxxxxxxxxxxxxxxxxxxxxxxxxxxxxxxxxxxxx │
          xxxxxxxxxxx                                                          │
     44 │ @00002720: xxxxxxxxxxxxxxxxxxxxxxxxxxxxxxxxxxxxxxxxxxxxxxxxxxxxxxxxx │
     45 │ @00002800: xxxxxxxxxxxxxxxxxxxxxxxxxxxxxxxxxxxxxxxxxxxxxxxxxxxxxxxxx │
/tmp/fresh-test-BIG.txt [+] | Ln 30, Col 10 | Opened /tmp/f...  Palette: Ctrl+P
